C:\projects\openclinicdev\src\be\chuk\Article.java
C:\projects\openclinicdev\src\be\chuk\Sage.java
C:\projects\openclinicdev\src\be\chuk\SyncSage.java
C:\projects\openclinicdev\src\be\dpms\medwan\common\model\IConstants.java
C:\projects\openclinicdev\src\be\dpms\medwan\common\model\vo\administration\PersonVO.java
C:\projects\openclinicdev\src\be\dpms\medwan\common\model\vo\administration\ProfessionalDataVO.java
C:\projects\openclinicdev\src\be\dpms\medwan\common\model\vo\administration\ServiceVO.java
C:\projects\openclinicdev\src\be\dpms\medwan\common\model\vo\authentication\UserVO.java
C:\projects\openclinicdev\src\be\dpms\medwan\common\model\vo\occupationalmedicine\ActivityVO.java
C:\projects\openclinicdev\src\be\dpms\medwan\common\model\vo\occupationalmedicine\EnterpriseVisitItemVO.java
C:\projects\openclinicdev\src\be\dpms\medwan\common\model\vo\occupationalmedicine\EnterpriseVisitVO.java
C:\projects\openclinicdev\src\be\dpms\medwan\common\model\vo\occupationalmedicine\ExaminationVO.java
C:\projects\openclinicdev\src\be\dpms\medwan\common\model\vo\occupationalmedicine\ExportActivityVO.java
C:\projects\openclinicdev\src\be\dpms\medwan\common\model\vo\occupationalmedicine\FunctionCategoryVO.java
C:\projects\openclinicdev\src\be\dpms\medwan\common\model\vo\occupationalmedicine\FunctionCategoryWithRiskCodesVO.java
C:\projects\openclinicdev\src\be\dpms\medwan\common\model\vo\occupationalmedicine\FunctionGroupExaminationVO.java
C:\projects\openclinicdev\src\be\dpms\medwan\common\model\vo\occupationalmedicine\FunctionGroupVO.java
C:\projects\openclinicdev\src\be\dpms\medwan\common\model\vo\occupationalmedicine\LabAnalysisVO.java
C:\projects\openclinicdev\src\be\dpms\medwan\common\model\vo\occupationalmedicine\LabResult.java
C:\projects\openclinicdev\src\be\dpms\medwan\common\model\vo\occupationalmedicine\MRiskProfileVO.java
C:\projects\openclinicdev\src\be\dpms\medwan\common\model\vo\occupationalmedicine\PersonalExaminationVO.java
C:\projects\openclinicdev\src\be\dpms\medwan\common\model\vo\occupationalmedicine\PlannedExamination.java
C:\projects\openclinicdev\src\be\dpms\medwan\common\model\vo\occupationalmedicine\RiskCodeVO.java
C:\projects\openclinicdev\src\be\dpms\medwan\common\model\vo\occupationalmedicine\RiskExaminationVO.java
C:\projects\openclinicdev\src\be\dpms\medwan\common\model\vo\occupationalmedicine\RiskProfileContextVO.java
C:\projects\openclinicdev\src\be\dpms\medwan\common\model\vo\occupationalmedicine\RiskProfileExaminationVO.java
C:\projects\openclinicdev\src\be\dpms\medwan\common\model\vo\occupationalmedicine\RiskProfileItemVO.java
C:\projects\openclinicdev\src\be\dpms\medwan\common\model\vo\occupationalmedicine\RiskProfileLabAnalysisVO.java
C:\projects\openclinicdev\src\be\dpms\medwan\common\model\vo\occupationalmedicine\RiskProfileRiskCodeVO.java
C:\projects\openclinicdev\src\be\dpms\medwan\common\model\vo\occupationalmedicine\RiskProfileSystemInfoVO.java
C:\projects\openclinicdev\src\be\dpms\medwan\common\model\vo\occupationalmedicine\RiskProfileVO.java
C:\projects\openclinicdev\src\be\dpms\medwan\common\model\vo\occupationalmedicine\VerifiedExaminationVO.java
C:\projects\openclinicdev\src\be\dpms\medwan\common\model\vo\occupationalmedicine\WorkplaceVO.java
C:\projects\openclinicdev\src\be\dpms\medwan\common\model\vo\occupationalmedicine\WorkplaceWithRiskCodesVO.java
C:\projects\openclinicdev\src\be\dpms\medwan\common\model\vo\recruitment\ConvocationVO.java
C:\projects\openclinicdev\src\be\dpms\medwan\common\model\vo\recruitment\FullRecordVO.java
C:\projects\openclinicdev\src\be\dpms\medwan\common\model\vo\recruitment\RecordRowVO.java
C:\projects\openclinicdev\src\be\dpms\medwan\common\model\vo\system\ActiveContextVO.java
C:\projects\openclinicdev\src\be\dpms\medwan\services\administration\exceptions\PersonNotFoundException.java
C:\projects\openclinicdev\src\be\dpms\medwan\services\authentication\exceptions\AuthenticationRequiredException.java
C:\projects\openclinicdev\src\be\dpms\medwan\services\exceptions\InternalServiceException.java
C:\projects\openclinicdev\src\be\dpms\medwan\webapp\wl\servlets\filters\AuthenticationFilter.java
C:\projects\openclinicdev\src\be\dpms\medwan\webapp\wl\servlets\filters\ContextInitializationFilter.java
C:\projects\openclinicdev\src\be\dpms\medwan\webapp\wl\servlets\filters\IntrusionFilter.java
C:\projects\openclinicdev\src\be\dpms\medwan\webapp\wl\servlets\filters\NavigationFilter.java
C:\projects\openclinicdev\src\be\dpms\medwan\webapp\wl\servlets\filters\PersonalizationFilter.java
C:\projects\openclinicdev\src\be\dpms\medwan\webapp\wl\servlets\filters\RequestControlFilter.java
C:\projects\openclinicdev\src\be\dpms\medwan\webapp\wl\struts\actions\LogoutAction.java
C:\projects\openclinicdev\src\be\dpms\medwan\webapp\wl\struts\actions\ShowAuthenticationPageAction.java
C:\projects\openclinicdev\src\be\dpms\medwan\webapp\wl\struts\actions\healthrecord\ManageClinicalExaminationAction.java
C:\projects\openclinicdev\src\be\dpms\medwan\webapp\wl\struts\actions\healthrecord\ManageDeleteTransactionAction.java
C:\projects\openclinicdev\src\be\dpms\medwan\webapp\wl\struts\actions\healthrecord\ManageNextVaccinationAction.java
C:\projects\openclinicdev\src\be\dpms\medwan\webapp\wl\struts\actions\healthrecord\ManageVaccinationAction.java
C:\projects\openclinicdev\src\be\dpms\medwan\webapp\wl\struts\actions\healthrecord\SaveLabAnalysesAction.java
C:\projects\openclinicdev\src\be\dpms\medwan\webapp\wl\struts\actions\healthrecord\ShowVaccinationSummaryAction.java
C:\projects\openclinicdev\src\be\dpms\medwan\webapp\wl\struts\actions\mobile\LogoutAction.java
C:\projects\openclinicdev\src\be\dpms\medwan\webapp\wl\struts\actions\mobile\ShowAuthenticationPageAction.java
C:\projects\openclinicdev\src\be\dpms\medwan\webapp\wl\struts\actions\occupationalmedicine\ManageAlertsPageAction.java
C:\projects\openclinicdev\src\be\dpms\medwan\webapp\wl\struts\actions\occupationalmedicine\ManagePeriodicExaminationsAction.java
C:\projects\openclinicdev\src\be\dpms\medwan\webapp\wl\struts\actions\occupationalmedicine\ManagePrintHistoryAction.java
C:\projects\openclinicdev\src\be\dpms\medwan\webapp\wl\struts\actions\occupationalmedicine\ShowPeriodicExaminationsAction.java
C:\projects\openclinicdev\src\be\dpms\medwan\webapp\wl\struts\actions\occupationalmedicine\ShowRiskProfileAction.java
C:\projects\openclinicdev\src\be\dpms\medwan\webapp\wo\administration\PersonWO.java
C:\projects\openclinicdev\src\be\dpms\medwan\webapp\wo\administration\PrivateDataWO.java
C:\projects\openclinicdev\src\be\dpms\medwan\webapp\wo\administration\ProfessionalDataWO.java
C:\projects\openclinicdev\src\be\dpms\medwan\webapp\wo\administration\ServiceWO.java
C:\projects\openclinicdev\src\be\dpms\medwan\webapp\wo\authentication\AuthenticationTokenWO.java
C:\projects\openclinicdev\src\be\dpms\medwan\webapp\wo\authentication\UserWO.java
C:\projects\openclinicdev\src\be\dpms\medwan\webapp\wo\authentication\exceptions\UserParametersWONotFoundException.java
C:\projects\openclinicdev\src\be\dpms\medwan\webapp\wo\common\navigation\URLHistory.java
C:\projects\openclinicdev\src\be\dpms\medwan\webapp\wo\common\navigation\URLHistoryException.java
C:\projects\openclinicdev\src\be\dpms\medwan\webapp\wo\common\navigation\URLHistoryHelper.java
C:\projects\openclinicdev\src\be\dpms\medwan\webapp\wo\common\navigation\URLHistoryItem.java
C:\projects\openclinicdev\src\be\dpms\medwan\webapp\wo\common\system\FolderWO.java
C:\projects\openclinicdev\src\be\dpms\medwan\webapp\wo\common\system\SessionContainerWO.java
C:\projects\openclinicdev\src\be\dpms\medwan\webapp\wo\healthrecord\HealthRecordWO.java
C:\projects\openclinicdev\src\be\dpms\medwan\webapp\wo\occupationalmedicine\RiskProfileExaminationInfoWO.java
C:\projects\openclinicdev\src\be\dpms\medwan\webapp\wo\occupationalmedicine\RiskProfileRiskCodeWO.java
C:\projects\openclinicdev\src\be\dpms\medwan\webapp\wo\occupationalmedicine\RiskProfileRisksInfoWO.java
C:\projects\openclinicdev\src\be\dpms\medwan\webapp\wo\occupationalmedicine\RiskProfileSystemInfoWO.java
C:\projects\openclinicdev\src\be\hapi\BundleProcessor.java
C:\projects\openclinicdev\src\be\hapi\OpenClinicAuthorizationInterceptor.java
C:\projects\openclinicdev\src\be\hapi\RestfulCoverageResourceProvider.java
C:\projects\openclinicdev\src\be\hapi\RestfulDiagnosticReportResourceProvider.java
C:\projects\openclinicdev\src\be\hapi\RestfulImagingStudyResourceProvider.java
C:\projects\openclinicdev\src\be\hapi\RestfulPatientResourceProvider.java
C:\projects\openclinicdev\src\be\hapi\RestfulResourceProviderEmptyBaseClass.java
C:\projects\openclinicdev\src\be\hapi\RestfulServiceRequestResourceProvider.java
C:\projects\openclinicdev\src\be\hapi\RestfulServlet.java
C:\projects\openclinicdev\src\be\mayele\MayeleAPI.java
C:\projects\openclinicdev\src\be\mayele\MayeleClient.java
C:\projects\openclinicdev\src\be\mayele\Module.java
C:\projects\openclinicdev\src\be\mayele\bi\hf.java
C:\projects\openclinicdev\src\be\mayele\bi\hrh.java
C:\projects\openclinicdev\src\be\mayele\bi\ins.java
C:\projects\openclinicdev\src\be\mayele\bi\insc.java
C:\projects\openclinicdev\src\be\mayele\bi\nom.java
C:\projects\openclinicdev\src\be\mxs\common\model\util\BeanAccessor.java
C:\projects\openclinicdev\src\be\mxs\common\model\util\BeanFinder.java
C:\projects\openclinicdev\src\be\mxs\common\model\util\BeanModifier.java
C:\projects\openclinicdev\src\be\mxs\common\model\util\OptionBean.java
C:\projects\openclinicdev\src\be\mxs\common\model\util\ValueBean.java
C:\projects\openclinicdev\src\be\mxs\common\model\util\collections\BeanPropertyAccessor.java
C:\projects\openclinicdev\src\be\mxs\common\model\vo\IdentifierFactory.java
C:\projects\openclinicdev\src\be\mxs\common\model\vo\IIdentifiable.java
C:\projects\openclinicdev\src\be\mxs\common\model\vo\IValueObject.java
C:\projects\openclinicdev\src\be\mxs\common\model\vo\ValueObjectContainer.java
C:\projects\openclinicdev\src\be\mxs\common\model\vo\ValueObjectHelper.java
C:\projects\openclinicdev\src\be\mxs\common\model\vo\ValueObjectHelperException.java
C:\projects\openclinicdev\src\be\mxs\common\model\vo\administration\IProfessionalDataVO.java
C:\projects\openclinicdev\src\be\mxs\common\model\vo\healthrecord\FlagsVO.java
C:\projects\openclinicdev\src\be\mxs\common\model\vo\healthrecord\HealthRecordVO.java
C:\projects\openclinicdev\src\be\mxs\common\model\vo\healthrecord\IConstants.java
C:\projects\openclinicdev\src\be\mxs\common\model\vo\healthrecord\ICPCCode.java
C:\projects\openclinicdev\src\be\mxs\common\model\vo\healthrecord\ItemContextVO.java
C:\projects\openclinicdev\src\be\mxs\common\model\vo\healthrecord\ItemVO.java
C:\projects\openclinicdev\src\be\mxs\common\model\vo\healthrecord\PersonalVaccinationsInfoVO.java
C:\projects\openclinicdev\src\be\mxs\common\model\vo\healthrecord\TransactionVO.java
C:\projects\openclinicdev\src\be\mxs\common\model\vo\healthrecord\VaccinationInfoVO.java
C:\projects\openclinicdev\src\be\mxs\common\model\vo\healthrecord\util\TransactionFactory.java
C:\projects\openclinicdev\src\be\mxs\common\model\vo\healthrecord\util\TransactionFactoryAlerts.java
C:\projects\openclinicdev\src\be\mxs\common\model\vo\healthrecord\util\TransactionFactoryClinicalExamination.java
C:\projects\openclinicdev\src\be\mxs\common\model\vo\healthrecord\util\TransactionFactoryException.java
C:\projects\openclinicdev\src\be\mxs\common\model\vo\healthrecord\util\TransactionFactoryGeneral.java
C:\projects\openclinicdev\src\be\mxs\common\util\ExpositionInfo.java
C:\projects\openclinicdev\src\be\mxs\common\util\NuclearInfo.java
C:\projects\openclinicdev\src\be\mxs\common\util\NuclearInfoReader.java
C:\projects\openclinicdev\src\be\mxs\common\util\broker\BrokerScheduler.java
C:\projects\openclinicdev\src\be\mxs\common\util\cardio\CardiovascularRisk.java
C:\projects\openclinicdev\src\be\mxs\common\util\cardio\CardiovascularRiskBelgium.java
C:\projects\openclinicdev\src\be\mxs\common\util\date\MedwanCalendar.java
C:\projects\openclinicdev\src\be\mxs\common\util\db\MedwanQuery.java
C:\projects\openclinicdev\src\be\mxs\common\util\db\ObjectCache.java
C:\projects\openclinicdev\src\be\mxs\common\util\db\ObjectCacheFactory.java
C:\projects\openclinicdev\src\be\mxs\common\util\db\PersonMerger.java
C:\projects\openclinicdev\src\be\mxs\common\util\db\UserConnection.java
C:\projects\openclinicdev\src\be\mxs\common\util\db\UserConnections.java
C:\projects\openclinicdev\src\be\mxs\common\util\diagnostics\CleanAdminPrivate.java
C:\projects\openclinicdev\src\be\mxs\common\util\diagnostics\CleanCounters.java
C:\projects\openclinicdev\src\be\mxs\common\util\diagnostics\CleanHealthRecord.java
C:\projects\openclinicdev\src\be\mxs\common\util\diagnostics\CleanLabels.java
C:\projects\openclinicdev\src\be\mxs\common\util\diagnostics\CleanNullUpdatetime.java
C:\projects\openclinicdev\src\be\mxs\common\util\diagnostics\CleanUsers.java
C:\projects\openclinicdev\src\be\mxs\common\util\diagnostics\Diagnosis.java
C:\projects\openclinicdev\src\be\mxs\common\util\diagnostics\Diagnostic.java
C:\projects\openclinicdev\src\be\mxs\common\util\diagnostics\UpdateDebetServices.java
C:\projects\openclinicdev\src\be\mxs\common\util\export\ExportMessage.java
C:\projects\openclinicdev\src\be\mxs\common\util\io\BlobDemo.java
C:\projects\openclinicdev\src\be\mxs\common\util\io\BlobFinder.java
C:\projects\openclinicdev\src\be\mxs\common\util\io\BulkLoadDICOM.java
C:\projects\openclinicdev\src\be\mxs\common\util\io\CCBRTCsvImporter.java
C:\projects\openclinicdev\src\be\mxs\common\util\io\CheckSAPDTWRun.java
C:\projects\openclinicdev\src\be\mxs\common\util\io\CleanPACS.java
C:\projects\openclinicdev\src\be\mxs\common\util\io\CloseVisits.java
C:\projects\openclinicdev\src\be\mxs\common\util\io\CompressDicom.java
C:\projects\openclinicdev\src\be\mxs\common\util\io\Connect.java
C:\projects\openclinicdev\src\be\mxs\common\util\io\DigitalPersona.java
C:\projects\openclinicdev\src\be\mxs\common\util\io\DocxManager.java
C:\projects\openclinicdev\src\be\mxs\common\util\io\Essiconnect.java
C:\projects\openclinicdev\src\be\mxs\common\util\io\ExportAccounting.java
C:\projects\openclinicdev\src\be\mxs\common\util\io\ExportAMO.java
C:\projects\openclinicdev\src\be\mxs\common\util\io\ExportCAISFF.java
C:\projects\openclinicdev\src\be\mxs\common\util\io\ExportCPS.java
C:\projects\openclinicdev\src\be\mxs\common\util\io\ExportNHIFEClaims.java
C:\projects\openclinicdev\src\be\mxs\common\util\io\ExportSAP_AR_INV.java
C:\projects\openclinicdev\src\be\mxs\common\util\io\GenerateGMAOWarnings.java
C:\projects\openclinicdev\src\be\mxs\common\util\io\GoogleTranslate.java
C:\projects\openclinicdev\src\be\mxs\common\util\io\Imed.java
C:\projects\openclinicdev\src\be\mxs\common\util\io\JavaPOSPrinter.java
C:\projects\openclinicdev\src\be\mxs\common\util\io\JsonUtils.java
C:\projects\openclinicdev\src\be\mxs\common\util\io\LabelSyncService.java
C:\projects\openclinicdev\src\be\mxs\common\util\io\LocalDebet.java
C:\projects\openclinicdev\src\be\mxs\common\util\io\MedHub.java
C:\projects\openclinicdev\src\be\mxs\common\util\io\MedHubAff.java
C:\projects\openclinicdev\src\be\mxs\common\util\io\MedHubEmptyMessage.java
C:\projects\openclinicdev\src\be\mxs\common\util\io\Medhubmessage.java
C:\projects\openclinicdev\src\be\mxs\common\util\io\MedHubMessageHeader.java
C:\projects\openclinicdev\src\be\mxs\common\util\io\MessageReader.java
C:\projects\openclinicdev\src\be\mxs\common\util\io\MessageReaderMedidoc.java
C:\projects\openclinicdev\src\be\mxs\common\util\io\OBR.java
C:\projects\openclinicdev\src\be\mxs\common\util\io\OrangeVaccinations.java
C:\projects\openclinicdev\src\be\mxs\common\util\io\PaxmlReader.java
C:\projects\openclinicdev\src\be\mxs\common\util\io\PurgeHL7Messages.java
C:\projects\openclinicdev\src\be\mxs\common\util\io\QueueSAPMessages.java
C:\projects\openclinicdev\src\be\mxs\common\util\io\ResetQueues.java
C:\projects\openclinicdev\src\be\mxs\common\util\io\RGBFrame.java
C:\projects\openclinicdev\src\be\mxs\common\util\io\SendHL7Messages.java
C:\projects\openclinicdev\src\be\mxs\common\util\io\SendInvoicesToMedHub.java
C:\projects\openclinicdev\src\be\mxs\common\util\io\SendInvoicesToOBR.java
C:\projects\openclinicdev\src\be\mxs\common\util\io\SendPrescriptionsToMedHub.java
C:\projects\openclinicdev\src\be\mxs\common\util\io\SendStockMovementsToOBR.java
C:\projects\openclinicdev\src\be\mxs\common\util\io\SimpleHTMLMail.java
C:\projects\openclinicdev\src\be\mxs\common\util\io\SpoolMPIDocuments.java
C:\projects\openclinicdev\src\be\mxs\common\util\io\StartHL7Server.java
C:\projects\openclinicdev\src\be\mxs\common\util\io\syncLabware.java
C:\projects\openclinicdev\src\be\mxs\common\util\io\TestSendingWithSenderID.java
C:\projects\openclinicdev\src\be\mxs\common\util\io\TransactionItemSyncService.java
C:\projects\openclinicdev\src\be\mxs\common\util\io\Twain.java
C:\projects\openclinicdev\src\be\mxs\common\util\io\UpdateCNTSTransactions.java
C:\projects\openclinicdev\src\be\mxs\common\util\io\UpdateDatacenterIPAddresses.java
C:\projects\openclinicdev\src\be\mxs\common\util\io\UpdateService.java
C:\projects\openclinicdev\src\be\mxs\common\util\io\UsingFontFactory.java
C:\projects\openclinicdev\src\be\mxs\common\util\io\messync\Examination.java
C:\projects\openclinicdev\src\be\mxs\common\util\io\messync\Function.java
C:\projects\openclinicdev\src\be\mxs\common\util\io\messync\Helper.java
C:\projects\openclinicdev\src\be\mxs\common\util\io\messync\ID.java
C:\projects\openclinicdev\src\be\mxs\common\util\io\messync\Label.java
C:\projects\openclinicdev\src\be\mxs\common\util\io\messync\Medical.java
C:\projects\openclinicdev\src\be\mxs\common\util\io\messync\Message.java
C:\projects\openclinicdev\src\be\mxs\common\util\io\messync\Person.java
C:\projects\openclinicdev\src\be\mxs\common\util\io\messync\Private.java
C:\projects\openclinicdev\src\be\mxs\common\util\io\messync\PrivateUnit.java
C:\projects\openclinicdev\src\be\mxs\common\util\io\messync\Risk.java
C:\projects\openclinicdev\src\be\mxs\common\util\io\messync\Work.java
C:\projects\openclinicdev\src\be\mxs\common\util\io\messync\WorkUnit.java
C:\projects\openclinicdev\src\be\mxs\common\util\io\table\SyncColumn.java
C:\projects\openclinicdev\src\be\mxs\common\util\io\table\SyncRow.java
C:\projects\openclinicdev\src\be\mxs\common\util\io\table\SyncTable.java
C:\projects\openclinicdev\src\be\mxs\common\util\io\table\SyncTables.java
C:\projects\openclinicdev\src\be\mxs\common\util\io\WHONet\WHONetUtils.java
C:\projects\openclinicdev\src\be\mxs\common\util\mysql\MySQLDump.java
C:\projects\openclinicdev\src\be\mxs\common\util\pdf\PDFBasic.java
C:\projects\openclinicdev\src\be\mxs\common\util\pdf\PDFCreator.java
C:\projects\openclinicdev\src\be\mxs\common\util\pdf\calendar\PDFAppointmentGenerator.java
C:\projects\openclinicdev\src\be\mxs\common\util\pdf\calendar\PDFCalendarGenerator.java
C:\projects\openclinicdev\src\be\mxs\common\util\pdf\general\AMCEndPage.java
C:\projects\openclinicdev\src\be\mxs\common\util\pdf\general\GeneralPDFCreator.java
C:\projects\openclinicdev\src\be\mxs\common\util\pdf\general\PDFAMCPatientCardGenerator.java
C:\projects\openclinicdev\src\be\mxs\common\util\pdf\general\PDFAMCPatientCardsGenerator.java
C:\projects\openclinicdev\src\be\mxs\common\util\pdf\general\PDFAnatomopathologyLabelGenerator.java
C:\projects\openclinicdev\src\be\mxs\common\util\pdf\general\PDFArchiveDocumentBarcodeGenerator.java
C:\projects\openclinicdev\src\be\mxs\common\util\pdf\general\PDFArchiveLabelGenerator.java
C:\projects\openclinicdev\src\be\mxs\common\util\pdf\general\PDFAssetNormGenerator.java
C:\projects\openclinicdev\src\be\mxs\common\util\pdf\general\PDFBloodDonorCardGenerator.java
C:\projects\openclinicdev\src\be\mxs\common\util\pdf\general\PDFBloodgiftLabelGenerator.java
C:\projects\openclinicdev\src\be\mxs\common\util\pdf\general\PDFCashDeskCertificate.java
C:\projects\openclinicdev\src\be\mxs\common\util\pdf\general\PDFCNOMCardGenerator.java
C:\projects\openclinicdev\src\be\mxs\common\util\pdf\general\PDFCoveragePlanInvoiceGenerator.java
C:\projects\openclinicdev\src\be\mxs\common\util\pdf\general\PDFCovidCertificateGenerator.java
C:\projects\openclinicdev\src\be\mxs\common\util\pdf\general\PDFDatacenterHospitalReportGenerator.java
C:\projects\openclinicdev\src\be\mxs\common\util\pdf\general\PDFExtraInsurarInvoiceGenerator.java
C:\projects\openclinicdev\src\be\mxs\common\util\pdf\general\PDFExtraInsurarInvoiceGenerator2.java
C:\projects\openclinicdev\src\be\mxs\common\util\pdf\general\PDFExtraInsurarInvoiceGeneratorCTAMS.java
C:\projects\openclinicdev\src\be\mxs\common\util\pdf\general\PDFExtraInsurarInvoiceGeneratorCTAMS2.java
C:\projects\openclinicdev\src\be\mxs\common\util\pdf\general\PDFExtraInsurarInvoiceGeneratorHMK.java
C:\projects\openclinicdev\src\be\mxs\common\util\pdf\general\PDFExtraInsurarInvoiceGeneratorHMK2.java
C:\projects\openclinicdev\src\be\mxs\common\util\pdf\general\PDFExtraInsurarInvoiceGeneratorMFP.java
C:\projects\openclinicdev\src\be\mxs\common\util\pdf\general\PDFExtraInsurarInvoiceGeneratorMFP2.java
C:\projects\openclinicdev\src\be\mxs\common\util\pdf\general\PDFExtraInsurarInvoiceGeneratorRAMANew.java
C:\projects\openclinicdev\src\be\mxs\common\util\pdf\general\PDFExtraInsurarInvoiceGeneratorRAMANew2.java
C:\projects\openclinicdev\src\be\mxs\common\util\pdf\general\PDFFooter.java
C:\projects\openclinicdev\src\be\mxs\common\util\pdf\general\PDFFUAGenerator.java
C:\projects\openclinicdev\src\be\mxs\common\util\pdf\general\PDFGeneralBasic.java
C:\projects\openclinicdev\src\be\mxs\common\util\pdf\general\PDFGraphGenerator.java
C:\projects\openclinicdev\src\be\mxs\common\util\pdf\general\PDFHeader.java
C:\projects\openclinicdev\src\be\mxs\common\util\pdf\general\PDFHospitalizedPatientsGenerator.java
C:\projects\openclinicdev\src\be\mxs\common\util\pdf\general\PDFHospitalReportGenerator.java
C:\projects\openclinicdev\src\be\mxs\common\util\pdf\general\PDFImagingLabelGenerator.java
C:\projects\openclinicdev\src\be\mxs\common\util\pdf\general\PDFImmoLabelGenerator.java
C:\projects\openclinicdev\src\be\mxs\common\util\pdf\general\PDFInsurarInvoiceGenerator.java
C:\projects\openclinicdev\src\be\mxs\common\util\pdf\general\PDFInsurarInvoiceGeneratorAMBUSA.java
C:\projects\openclinicdev\src\be\mxs\common\util\pdf\general\PDFInsurarInvoiceGeneratorASCOMA.java
C:\projects\openclinicdev\src\be\mxs\common\util\pdf\general\PDFInsurarInvoiceGeneratorBRARUDI.java
C:\projects\openclinicdev\src\be\mxs\common\util\pdf\general\PDFInsurarInvoiceGeneratorCMCK.java
C:\projects\openclinicdev\src\be\mxs\common\util\pdf\general\PDFInsurarInvoiceGeneratorCNTS.java
C:\projects\openclinicdev\src\be\mxs\common\util\pdf\general\PDFInsurarInvoiceGeneratorCTAMS.java
C:\projects\openclinicdev\src\be\mxs\common\util\pdf\general\PDFInsurarInvoiceGeneratorHMK.java
C:\projects\openclinicdev\src\be\mxs\common\util\pdf\general\PDFInsurarInvoiceGeneratorMFP.java
C:\projects\openclinicdev\src\be\mxs\common\util\pdf\general\PDFInsurarInvoiceGeneratorMFPSummary.java
C:\projects\openclinicdev\src\be\mxs\common\util\pdf\general\PDFInsurarInvoiceGeneratorRAMA.java
C:\projects\openclinicdev\src\be\mxs\common\util\pdf\general\PDFInsurarInvoiceGeneratorRAMANew.java
C:\projects\openclinicdev\src\be\mxs\common\util\pdf\general\PDFInsurarReceiptGenerator.java
C:\projects\openclinicdev\src\be\mxs\common\util\pdf\general\PDFInventoryUpdateGenerator.java
C:\projects\openclinicdev\src\be\mxs\common\util\pdf\general\PDFInvoiceGenerator.java
C:\projects\openclinicdev\src\be\mxs\common\util\pdf\general\PDFIOTAFile2Generator.java
C:\projects\openclinicdev\src\be\mxs\common\util\pdf\general\PDFIOTAFileGenerator.java
C:\projects\openclinicdev\src\be\mxs\common\util\pdf\general\PDFJubileeCardGenerator.java
C:\projects\openclinicdev\src\be\mxs\common\util\pdf\general\PDFLabOrderGenerator.java
C:\projects\openclinicdev\src\be\mxs\common\util\pdf\general\PDFLabResultGenerator.java
C:\projects\openclinicdev\src\be\mxs\common\util\pdf\general\PDFLabSampleLabelGenerator.java
C:\projects\openclinicdev\src\be\mxs\common\util\pdf\general\PDFMFPFooter.java
C:\projects\openclinicdev\src\be\mxs\common\util\pdf\general\PDFMonthlyReportGenerator.java
C:\projects\openclinicdev\src\be\mxs\common\util\pdf\general\PDFMonthlyReportGeneratorDH.java
C:\projects\openclinicdev\src\be\mxs\common\util\pdf\general\PDFNursingDebetsGenerator.java
C:\projects\openclinicdev\src\be\mxs\common\util\pdf\general\PDFOpeninsuranceCardGenerator.java
C:\projects\openclinicdev\src\be\mxs\common\util\pdf\general\PDFOrderTicketsGenerator.java
C:\projects\openclinicdev\src\be\mxs\common\util\pdf\general\PDFPatientCardGenerator.java
C:\projects\openclinicdev\src\be\mxs\common\util\pdf\general\PDFPatientInvoiceGenerator.java
C:\projects\openclinicdev\src\be\mxs\common\util\pdf\general\PDFPatientInvoiceGeneratorCMCK.java
C:\projects\openclinicdev\src\be\mxs\common\util\pdf\general\PDFPatientInvoiceGeneratorCTAMS.java
C:\projects\openclinicdev\src\be\mxs\common\util\pdf\general\PDFPatientInvoiceGeneratorHMK.java
C:\projects\openclinicdev\src\be\mxs\common\util\pdf\general\PDFPatientInvoiceGeneratorMFP.java
C:\projects\openclinicdev\src\be\mxs\common\util\pdf\general\PDFPatientInvoiceGeneratorMFPPharma.java
C:\projects\openclinicdev\src\be\mxs\common\util\pdf\general\PDFPatientInvoiceReceiptGenerator.java
C:\projects\openclinicdev\src\be\mxs\common\util\pdf\general\PDFPatientInvoiceReceiptGeneratorCPLR.java
C:\projects\openclinicdev\src\be\mxs\common\util\pdf\general\PDFPatientLabelGenerator.java
C:\projects\openclinicdev\src\be\mxs\common\util\pdf\general\PDFPatientPaymentReceiptGenerator.java
C:\projects\openclinicdev\src\be\mxs\common\util\pdf\general\PDFPatientPaymentReceiptGeneratorCPLR.java
C:\projects\openclinicdev\src\be\mxs\common\util\pdf\general\PDFPatientPrestationListGenerator.java
C:\projects\openclinicdev\src\be\mxs\common\util\pdf\general\PDFPharmacyReportGenerator.java
C:\projects\openclinicdev\src\be\mxs\common\util\pdf\general\PDFPrescriptionGenerator.java
C:\projects\openclinicdev\src\be\mxs\common\util\pdf\general\PDFPrescriptionTicketGenerator.java
C:\projects\openclinicdev\src\be\mxs\common\util\pdf\general\PDFProductionOrderGenerator.java
C:\projects\openclinicdev\src\be\mxs\common\util\pdf\general\PDFProductStockFicheGenerator.java
C:\projects\openclinicdev\src\be\mxs\common\util\pdf\general\PDFProductStockLabelGenerator.java
C:\projects\openclinicdev\src\be\mxs\common\util\pdf\general\PDFReceiptGenerator.java
C:\projects\openclinicdev\src\be\mxs\common\util\pdf\general\PDFRegisterGenerator.java
C:\projects\openclinicdev\src\be\mxs\common\util\pdf\general\PDFSammaryGeneratorNew.java
C:\projects\openclinicdev\src\be\mxs\common\util\pdf\general\PDFStockOperationDocumentGenerator.java
C:\projects\openclinicdev\src\be\mxs\common\util\pdf\general\PDFSummaryInvoiceGenerator.java
C:\projects\openclinicdev\src\be\mxs\common\util\pdf\general\PDFSummaryInvoiceGeneratorMFP.java
C:\projects\openclinicdev\src\be\mxs\common\util\pdf\general\PDFTicketGenerator.java
C:\projects\openclinicdev\src\be\mxs\common\util\pdf\general\PDFUserCardGenerator.java
C:\projects\openclinicdev\src\be\mxs\common\util\pdf\general\PDFUserCardGeneratorNew.java
C:\projects\openclinicdev\src\be\mxs\common\util\pdf\general\PDFWicketDebetProofGenerator.java
C:\projects\openclinicdev\src\be\mxs\common\util\pdf\general\PDFWicketOverViewGenerator.java
C:\projects\openclinicdev\src\be\mxs\common\util\pdf\general\PDFWicketReceiptGenerator.java
C:\projects\openclinicdev\src\be\mxs\common\util\pdf\general\PDFXMLReportGenerator.java
C:\projects\openclinicdev\src\be\mxs\common\util\pdf\general\SummaryPDFCreator.java
C:\projects\openclinicdev\src\be\mxs\common\util\pdf\general\chuk\GeneralPDFCreator.java
C:\projects\openclinicdev\src\be\mxs\common\util\pdf\general\chuk\PDFFooter.java
C:\projects\openclinicdev\src\be\mxs\common\util\pdf\general\dossierCreators\FinancialDossierPDFCreator.java
C:\projects\openclinicdev\src\be\mxs\common\util\pdf\general\dossierCreators\MedicalDossierPDFCreator.java
C:\projects\openclinicdev\src\be\mxs\common\util\pdf\general\dossierCreators\PDFDossierCreator.java
C:\projects\openclinicdev\src\be\mxs\common\util\pdf\general\dossierCreators\StaffDossierPDFCreator.java
C:\projects\openclinicdev\src\be\mxs\common\util\pdf\general\oc\examinations\PDFAbdominalEchographyProtocol.java
C:\projects\openclinicdev\src\be\mxs\common\util\pdf\general\oc\examinations\PDFAlert.java
C:\projects\openclinicdev\src\be\mxs\common\util\pdf\general\oc\examinations\PDFAnatomopathology.java
C:\projects\openclinicdev\src\be\mxs\common\util\pdf\general\oc\examinations\PDFAnesthesiaPreop.java
C:\projects\openclinicdev\src\be\mxs\common\util\pdf\general\oc\examinations\PDFAnesthesiaReport.java
C:\projects\openclinicdev\src\be\mxs\common\util\pdf\general\oc\examinations\PDFAnesthesieSupervision.java
C:\projects\openclinicdev\src\be\mxs\common\util\pdf\general\oc\examinations\PDFArchiveDocument.java
C:\projects\openclinicdev\src\be\mxs\common\util\pdf\general\oc\examinations\PDFAudiometry.java
C:\projects\openclinicdev\src\be\mxs\common\util\pdf\general\oc\examinations\PDFBiometry.java
C:\projects\openclinicdev\src\be\mxs\common\util\pdf\general\oc\examinations\PDFBronchoscopyProtocol.java
C:\projects\openclinicdev\src\be\mxs\common\util\pdf\general\oc\examinations\PDFCardioEchographyProtocol.java
C:\projects\openclinicdev\src\be\mxs\common\util\pdf\general\oc\examinations\PDFCardioVascularRisk.java
C:\projects\openclinicdev\src\be\mxs\common\util\pdf\general\oc\examinations\PDFClinicalExamination.java
C:\projects\openclinicdev\src\be\mxs\common\util\pdf\general\oc\examinations\PDFCNARConsultation.java
C:\projects\openclinicdev\src\be\mxs\common\util\pdf\general\oc\examinations\PDFCNARSurgeryOperation.java
C:\projects\openclinicdev\src\be\mxs\common\util\pdf\general\oc\examinations\PDFColonoscopyProtocol.java
C:\projects\openclinicdev\src\be\mxs\common\util\pdf\general\oc\examinations\PDFDailyNote.java
C:\projects\openclinicdev\src\be\mxs\common\util\pdf\general\oc\examinations\PDFDelivery.java
C:\projects\openclinicdev\src\be\mxs\common\util\pdf\general\oc\examinations\PDFDentist.java
C:\projects\openclinicdev\src\be\mxs\common\util\pdf\general\oc\examinations\PDFDermatologyConsultation.java
C:\projects\openclinicdev\src\be\mxs\common\util\pdf\general\oc\examinations\PDFDermatologyLeprosyBegin.java
C:\projects\openclinicdev\src\be\mxs\common\util\pdf\general\oc\examinations\PDFDermatologyLeprosyEnd.java
C:\projects\openclinicdev\src\be\mxs\common\util\pdf\general\oc\examinations\PDFDermatologyLeprosyFollowup.java
C:\projects\openclinicdev\src\be\mxs\common\util\pdf\general\oc\examinations\PDFDiabetesFollowup.java
C:\projects\openclinicdev\src\be\mxs\common\util\pdf\general\oc\examinations\PDFDrivingLicenseDeclaration.java
C:\projects\openclinicdev\src\be\mxs\common\util\pdf\general\oc\examinations\PDFEcg.java
C:\projects\openclinicdev\src\be\mxs\common\util\pdf\general\oc\examinations\PDFEEG.java
C:\projects\openclinicdev\src\be\mxs\common\util\pdf\general\oc\examinations\PDFEMG.java
C:\projects\openclinicdev\src\be\mxs\common\util\pdf\general\oc\examinations\PDFErgotherapyConsultation.java
C:\projects\openclinicdev\src\be\mxs\common\util\pdf\general\oc\examinations\PDFEvokedPotentials.java
C:\projects\openclinicdev\src\be\mxs\common\util\pdf\general\oc\examinations\PDFExternalDocument.java
C:\projects\openclinicdev\src\be\mxs\common\util\pdf\general\oc\examinations\PDFFamilyPlanning.java
C:\projects\openclinicdev\src\be\mxs\common\util\pdf\general\oc\examinations\PDFFollowUpChildren.java
C:\projects\openclinicdev\src\be\mxs\common\util\pdf\general\oc\examinations\PDFGenericTransaction.java
C:\projects\openclinicdev\src\be\mxs\common\util\pdf\general\oc\examinations\PDFGynaeConsultation.java
C:\projects\openclinicdev\src\be\mxs\common\util\pdf\general\oc\examinations\PDFHealthcenterConsultation.java
C:\projects\openclinicdev\src\be\mxs\common\util\pdf\general\oc\examinations\PDFHealthcenterContact.java
C:\projects\openclinicdev\src\be\mxs\common\util\pdf\general\oc\examinations\PDFIntensiveCareDailyNote.java
C:\projects\openclinicdev\src\be\mxs\common\util\pdf\general\oc\examinations\PDFIntensiveCareSurveillance.java
C:\projects\openclinicdev\src\be\mxs\common\util\pdf\general\oc\examinations\PDFIntradermo.java
C:\projects\openclinicdev\src\be\mxs\common\util\pdf\general\oc\examinations\PDFKinesitherapyApplication.java
C:\projects\openclinicdev\src\be\mxs\common\util\pdf\general\oc\examinations\PDFKinesitherapyConsultationTreatment.java
C:\projects\openclinicdev\src\be\mxs\common\util\pdf\general\oc\examinations\PDFLabRequest.java
C:\projects\openclinicdev\src\be\mxs\common\util\pdf\general\oc\examinations\PDFMedicalCare.java
C:\projects\openclinicdev\src\be\mxs\common\util\pdf\general\oc\examinations\PDFMedicalImagingRequest2.java
C:\projects\openclinicdev\src\be\mxs\common\util\pdf\general\oc\examinations\PDFMeetingReport.java
C:\projects\openclinicdev\src\be\mxs\common\util\pdf\general\oc\examinations\PDFMinimalClinicalData.java
C:\projects\openclinicdev\src\be\mxs\common\util\pdf\general\oc\examinations\PDFMobileTechniqueSupport.java
C:\projects\openclinicdev\src\be\mxs\common\util\pdf\general\oc\examinations\PDFNeurlogyFollowup.java
C:\projects\openclinicdev\src\be\mxs\common\util\pdf\general\oc\examinations\PDFNeurologyCarefile.java
C:\projects\openclinicdev\src\be\mxs\common\util\pdf\general\oc\examinations\PDFNeurologyTransfer.java
C:\projects\openclinicdev\src\be\mxs\common\util\pdf\general\oc\examinations\PDFNeuropsyInpatientSummary.java
C:\projects\openclinicdev\src\be\mxs\common\util\pdf\general\oc\examinations\PDFNeuropsyOutpatientSummary.java
C:\projects\openclinicdev\src\be\mxs\common\util\pdf\general\oc\examinations\PDFNeuropsyPhysiotherapyReport.java
C:\projects\openclinicdev\src\be\mxs\common\util\pdf\general\oc\examinations\PDFNurseExamination.java
C:\projects\openclinicdev\src\be\mxs\common\util\pdf\general\oc\examinations\PDFNurseFollowup.java
C:\projects\openclinicdev\src\be\mxs\common\util\pdf\general\oc\examinations\PDFOesoPhagoGastroDuoDenoScopyProtocol.java
C:\projects\openclinicdev\src\be\mxs\common\util\pdf\general\oc\examinations\PDFOperationProtocol.java
C:\projects\openclinicdev\src\be\mxs\common\util\pdf\general\oc\examinations\PDFOphtalmologyCDO.java
C:\projects\openclinicdev\src\be\mxs\common\util\pdf\general\oc\examinations\PDFOphtalmologyConsultation.java
C:\projects\openclinicdev\src\be\mxs\common\util\pdf\general\oc\examinations\PDFOphtalmologyIOTA.java
C:\projects\openclinicdev\src\be\mxs\common\util\pdf\general\oc\examinations\PDFOphtalmologyOperationProtocol.java
C:\projects\openclinicdev\src\be\mxs\common\util\pdf\general\oc\examinations\PDFOpthalmology.java
C:\projects\openclinicdev\src\be\mxs\common\util\pdf\general\oc\examinations\PDFOrlConsultation.java
C:\projects\openclinicdev\src\be\mxs\common\util\pdf\general\oc\examinations\PDFOrthoprostesisConsultationTreatment.java
C:\projects\openclinicdev\src\be\mxs\common\util\pdf\general\oc\examinations\PDFOtherRequests.java
C:\projects\openclinicdev\src\be\mxs\common\util\pdf\general\oc\examinations\PDFPediatryConsultation.java
C:\projects\openclinicdev\src\be\mxs\common\util\pdf\general\oc\examinations\PDFPhysiotherapyConsultation.java
C:\projects\openclinicdev\src\be\mxs\common\util\pdf\general\oc\examinations\PDFPhysiotherapyReport.java
C:\projects\openclinicdev\src\be\mxs\common\util\pdf\general\oc\examinations\PDFPMTCT.java
C:\projects\openclinicdev\src\be\mxs\common\util\pdf\general\oc\examinations\PDFPostPartumChild.java
C:\projects\openclinicdev\src\be\mxs\common\util\pdf\general\oc\examinations\PDFPostPartumMother.java
C:\projects\openclinicdev\src\be\mxs\common\util\pdf\general\oc\examinations\PDFPrenatalConsultation.java
C:\projects\openclinicdev\src\be\mxs\common\util\pdf\general\oc\examinations\PDFProctologyProtocol.java
C:\projects\openclinicdev\src\be\mxs\common\util\pdf\general\oc\examinations\PDFProtocolImagesStomatology.java
C:\projects\openclinicdev\src\be\mxs\common\util\pdf\general\oc\examinations\PDFPsychologyFollowUp.java
C:\projects\openclinicdev\src\be\mxs\common\util\pdf\general\oc\examinations\PDFReference.java
C:\projects\openclinicdev\src\be\mxs\common\util\pdf\general\oc\examinations\PDFRespiratoryFunctionExamination.java
C:\projects\openclinicdev\src\be\mxs\common\util\pdf\general\oc\examinations\PDFRMHOutpatientFile.java
C:\projects\openclinicdev\src\be\mxs\common\util\pdf\general\oc\examinations\PDFSocialAssistant.java
C:\projects\openclinicdev\src\be\mxs\common\util\pdf\general\oc\examinations\PDFStomatologyConsultation.java
C:\projects\openclinicdev\src\be\mxs\common\util\pdf\general\oc\examinations\PDFStomatologyOperationProtocol.java
C:\projects\openclinicdev\src\be\mxs\common\util\pdf\general\oc\examinations\PDFSurgeryConsultation.java
C:\projects\openclinicdev\src\be\mxs\common\util\pdf\general\oc\examinations\PDFSurveillanceProtocol.java
C:\projects\openclinicdev\src\be\mxs\common\util\pdf\general\oc\examinations\PDFThyroidEchographyProtocol.java
C:\projects\openclinicdev\src\be\mxs\common\util\pdf\general\oc\examinations\PDFTracnetSuiviClinique.java
C:\projects\openclinicdev\src\be\mxs\common\util\pdf\general\oc\examinations\PDFUrgenceConsultation.java
C:\projects\openclinicdev\src\be\mxs\common\util\pdf\general\oc\examinations\PDFVaccinationCard.java
C:\projects\openclinicdev\src\be\mxs\common\util\pdf\official\EndPage.java
C:\projects\openclinicdev\src\be\mxs\common\util\pdf\official\EndPage2.java
C:\projects\openclinicdev\src\be\mxs\common\util\pdf\official\EndPageCard.java
C:\projects\openclinicdev\src\be\mxs\common\util\pdf\official\EndPageCardBloodBank.java
C:\projects\openclinicdev\src\be\mxs\common\util\pdf\official\EndPageLabResults.java
C:\projects\openclinicdev\src\be\mxs\common\util\pdf\official\OfficialPDFCreator.java
C:\projects\openclinicdev\src\be\mxs\common\util\pdf\official\PDFOfficialBasic.java
C:\projects\openclinicdev\src\be\mxs\common\util\pdf\official\chuk\examinations\chukPDFOfficialLabRequest.java
C:\projects\openclinicdev\src\be\mxs\common\util\pdf\official\chuk\examinations\chukPDFOfficialPhysioConsultation.java
C:\projects\openclinicdev\src\be\mxs\common\util\pdf\official\chuk\examinations\chukPDFOfficialPhysioReport.java
C:\projects\openclinicdev\src\be\mxs\common\util\pdf\official\chuk\examinations\chukPDFOfficialReference.java
C:\projects\openclinicdev\src\be\mxs\common\util\pdf\official\oc\examinations\PDFOfficialGrowthGraph.java
C:\projects\openclinicdev\src\be\mxs\common\util\pdf\official\oc\examinations\PDFOfficialGrowthGraph0To1Year.java
C:\projects\openclinicdev\src\be\mxs\common\util\pdf\official\oc\examinations\PDFOfficialGrowthGraph1To5Year.java
C:\projects\openclinicdev\src\be\mxs\common\util\pdf\official\oc\examinations\PDFOfficialGrowthGraph5To20Year.java
C:\projects\openclinicdev\src\be\mxs\common\util\pdf\official\oc\examinations\PDFOfficialLabRequest.java
C:\projects\openclinicdev\src\be\mxs\common\util\pdf\official\oc\examinations\PDFOfficialPhysioConsultation.java
C:\projects\openclinicdev\src\be\mxs\common\util\pdf\official\oc\examinations\PDFOfficialPhysioReport.java
C:\projects\openclinicdev\src\be\mxs\common\util\pdf\official\oc\examinations\PDFOfficialReference.java
C:\projects\openclinicdev\src\be\mxs\common\util\pdf\util\CustomCategoryLabelGenerator.java
C:\projects\openclinicdev\src\be\mxs\common\util\pdf\util\CustomXYLabelGenerator.java
C:\projects\openclinicdev\src\be\mxs\common\util\system\Audiometry.java
C:\projects\openclinicdev\src\be\mxs\common\util\system\Base64Coder.java
C:\projects\openclinicdev\src\be\mxs\common\util\system\BCrypt.java
C:\projects\openclinicdev\src\be\mxs\common\util\system\Debug.java
C:\projects\openclinicdev\src\be\mxs\common\util\system\Document.java
C:\projects\openclinicdev\src\be\mxs\common\util\system\Evaluate.java
C:\projects\openclinicdev\src\be\mxs\common\util\system\GetColorFilter.java
C:\projects\openclinicdev\src\be\mxs\common\util\system\HearingLoss.java
C:\projects\openclinicdev\src\be\mxs\common\util\system\HTMLEntities.java
C:\projects\openclinicdev\src\be\mxs\common\util\system\Imaging.java
C:\projects\openclinicdev\src\be\mxs\common\util\system\Internet.java
C:\projects\openclinicdev\src\be\mxs\common\util\system\IntrusionDetector.java
C:\projects\openclinicdev\src\be\mxs\common\util\system\KeepColorFilter.java
C:\projects\openclinicdev\src\be\mxs\common\util\system\Logger.java
C:\projects\openclinicdev\src\be\mxs\common\util\system\Mail.java
C:\projects\openclinicdev\src\be\mxs\common\util\system\Miscelaneous.java
C:\projects\openclinicdev\src\be\mxs\common\util\system\PdfBarcode.java
C:\projects\openclinicdev\src\be\mxs\common\util\system\Picture.java
C:\projects\openclinicdev\src\be\mxs\common\util\system\Pointer.java
C:\projects\openclinicdev\src\be\mxs\common\util\system\Project.java
C:\projects\openclinicdev\src\be\mxs\common\util\system\ProjectParam.java
C:\projects\openclinicdev\src\be\mxs\common\util\system\Projects.java
C:\projects\openclinicdev\src\be\mxs\common\util\system\QrCodeUtil.java
C:\projects\openclinicdev\src\be\mxs\common\util\system\RxNormInteraction.java
C:\projects\openclinicdev\src\be\mxs\common\util\system\ScreenHelper.java
C:\projects\openclinicdev\src\be\mxs\common\util\system\SessionMessage.java
C:\projects\openclinicdev\src\be\mxs\common\util\system\StatFunctions.java
C:\projects\openclinicdev\src\be\mxs\common\util\system\Translate.java
C:\projects\openclinicdev\src\be\mxs\common\util\system\UpdateQueries.java
C:\projects\openclinicdev\src\be\mxs\common\util\system\UpdateSystem.java
C:\projects\openclinicdev\src\be\mxs\common\util\tools\ProcessFiles.java
C:\projects\openclinicdev\src\be\mxs\common\util\tools\sendHtmlMail.java
C:\projects\openclinicdev\src\be\mxs\common\util\tools\SendSMS.java
C:\projects\openclinicdev\src\be\mxs\questionnaires\QAnswer.java
C:\projects\openclinicdev\src\be\mxs\questionnaires\QQuestion.java
C:\projects\openclinicdev\src\be\mxs\questionnaires\QQuestionnaire.java
C:\projects\openclinicdev\src\be\mxs\questionnaires\QSession.java
C:\projects\openclinicdev\src\be\mxs\services\healthrecord\exceptions\TransactionNotFoundException.java
C:\projects\openclinicdev\src\be\mxs\statistics\RecordAction.java
C:\projects\openclinicdev\src\be\mxs\statistics\YearReport.java
C:\projects\openclinicdev\src\be\mxs\webapp\wl\exceptions\InvalidSessionKeyException.java
C:\projects\openclinicdev\src\be\mxs\webapp\wl\exceptions\SessionContainerFactoryException.java
C:\projects\openclinicdev\src\be\mxs\webapp\wl\exceptions\WebLogicException.java
C:\projects\openclinicdev\src\be\mxs\webapp\wl\servlet\http\RequestParameterParser.java
C:\projects\openclinicdev\src\be\mxs\webapp\wl\session\SessionContainerFactory.java
C:\projects\openclinicdev\src\be\mxs\webapp\wl\session\SessionKeyFactory.java
C:\projects\openclinicdev\src\be\mxs\webapp\wl\struts\actions\healthrecord\CreateTransactionAction.java
C:\projects\openclinicdev\src\be\mxs\webapp\wl\struts\actions\healthrecord\EditTransactionAction.java
C:\projects\openclinicdev\src\be\mxs\webapp\wl\struts\actions\healthrecord\UpdateTransactionAction.java
C:\projects\openclinicdev\src\be\mxs\webapp\wl\taglib\bean\Identifier.java
C:\projects\openclinicdev\src\be\mxs\webapp\wl\taglib\bean\PropertyAccessor.java
C:\projects\openclinicdev\src\be\mxs\webapp\wl\taglib\bean\i18n\Translator.java
C:\projects\openclinicdev\src\be\mxs\webapp\wl\taglib\bean\i18n\util\PropertyAccessor.java
C:\projects\openclinicdev\src\be\mxs\webapp\wl\taglib\bean\util\DateFormat.java
C:\projects\openclinicdev\src\be\mxs\webapp\wl\taglib\navigation\URLHistoryTag.java
C:\projects\openclinicdev\src\be\mxs\webapp\wl\taglib\navigation\i18n\URLHistoryI18NTag.java
C:\projects\openclinicdev\src\be\mxs\webapp\wl\taglib\sessioncontainer\UseFolderTag.java
C:\projects\openclinicdev\src\be\mxs\webapp\wl\taglib\util\TimeFootprint.java
C:\projects\openclinicdev\src\be\mxs\webapp\wo\common\system\FolderWO.java
C:\projects\openclinicdev\src\be\mxs\webapp\wo\common\system\SessionContainerWO.java
C:\projects\openclinicdev\src\be\opencarenet\OpenCarenetClient.java
C:\projects\openclinicdev\src\be\opencarenet\OpenCarenetForm.java
C:\projects\openclinicdev\src\be\openclinic\accounting\Account.java
C:\projects\openclinicdev\src\be\openclinic\accounting\Journal.java
C:\projects\openclinicdev\src\be\openclinic\adt\Bed.java
C:\projects\openclinicdev\src\be\openclinic\adt\Diagnosis.java
C:\projects\openclinicdev\src\be\openclinic\adt\Encounter.java
C:\projects\openclinicdev\src\be\openclinic\adt\Planning.java
C:\projects\openclinicdev\src\be\openclinic\adt\Queue.java
C:\projects\openclinicdev\src\be\openclinic\adt\Reference.java
C:\projects\openclinicdev\src\be\openclinic\adt\Reservation.java
C:\projects\openclinicdev\src\be\openclinic\api\API.java
C:\projects\openclinicdev\src\be\openclinic\api\ImagingWorklist.java
C:\projects\openclinicdev\src\be\openclinic\api\InvoiceList.java
C:\projects\openclinicdev\src\be\openclinic\api\Patient.java
C:\projects\openclinicdev\src\be\openclinic\archiving\ArchiveDocument.java
C:\projects\openclinicdev\src\be\openclinic\archiving\Dcm2dcm.java
C:\projects\openclinicdev\src\be\openclinic\archiving\Dcm2Jpg.java
C:\projects\openclinicdev\src\be\openclinic\archiving\DcmSnd.java
C:\projects\openclinicdev\src\be\openclinic\archiving\Dicom.java
C:\projects\openclinicdev\src\be\openclinic\archiving\DicomUtils.java
C:\projects\openclinicdev\src\be\openclinic\archiving\ScanDirectoryMonitor.java
C:\projects\openclinicdev\src\be\openclinic\archiving\ScanDirectoryMonitor2.java
C:\projects\openclinicdev\src\be\openclinic\archiving\ScanDirectoryMonitorMain.java
C:\projects\openclinicdev\src\be\openclinic\archiving\ScannableFileFilter.java
C:\projects\openclinicdev\src\be\openclinic\archiving\StorageEngine.java
C:\projects\openclinicdev\src\be\openclinic\archiving\ToJpeg.java
C:\projects\openclinicdev\src\be\openclinic\assets\Asset.java
C:\projects\openclinicdev\src\be\openclinic\assets\MaintenanceOperation.java
C:\projects\openclinicdev\src\be\openclinic\assets\MaintenancePlan.java
C:\projects\openclinicdev\src\be\openclinic\assets\Supplier.java
C:\projects\openclinicdev\src\be\openclinic\assets\Util.java
C:\projects\openclinicdev\src\be\openclinic\common\AC_Object.java
C:\projects\openclinicdev\src\be\openclinic\common\DocumentsFilter.java
C:\projects\openclinicdev\src\be\openclinic\common\IconsFilter.java
C:\projects\openclinicdev\src\be\openclinic\common\IObjectReference.java
C:\projects\openclinicdev\src\be\openclinic\common\KeyValue.java
C:\projects\openclinicdev\src\be\openclinic\common\NumericKeyValue.java
C:\projects\openclinicdev\src\be\openclinic\common\ObjectReference.java
C:\projects\openclinicdev\src\be\openclinic\common\OC_Object.java
C:\projects\openclinicdev\src\be\openclinic\common\Util.java
C:\projects\openclinicdev\src\be\openclinic\datacenter\AckMessage.java
C:\projects\openclinicdev\src\be\openclinic\datacenter\BedOccupancyGraph.java
C:\projects\openclinicdev\src\be\openclinic\datacenter\DatacenterHelper.java
C:\projects\openclinicdev\src\be\openclinic\datacenter\DatacenterMessage.java
C:\projects\openclinicdev\src\be\openclinic\datacenter\DiagnosisGraph.java
C:\projects\openclinicdev\src\be\openclinic\datacenter\District.java
C:\projects\openclinicdev\src\be\openclinic\datacenter\EncounterDiagnosisGraph.java
C:\projects\openclinicdev\src\be\openclinic\datacenter\Exporter.java
C:\projects\openclinicdev\src\be\openclinic\datacenter\ExporterActivity.java
C:\projects\openclinicdev\src\be\openclinic\datacenter\ExporterCore.java
C:\projects\openclinicdev\src\be\openclinic\datacenter\ExporterCovid19.java
C:\projects\openclinicdev\src\be\openclinic\datacenter\ExporterDHIS2Activities.java
C:\projects\openclinicdev\src\be\openclinic\datacenter\ExporterDHIS2Diagnoses.java
C:\projects\openclinicdev\src\be\openclinic\datacenter\ExporterEncounter.java
C:\projects\openclinicdev\src\be\openclinic\datacenter\ExporterFinancial.java
C:\projects\openclinicdev\src\be\openclinic\datacenter\ExporterHR.java
C:\projects\openclinicdev\src\be\openclinic\datacenter\ExporterLab.java
C:\projects\openclinicdev\src\be\openclinic\datacenter\ExporterMedical.java
C:\projects\openclinicdev\src\be\openclinic\datacenter\ExporterMortality.java
C:\projects\openclinicdev\src\be\openclinic\datacenter\ExporterPeople.java
C:\projects\openclinicdev\src\be\openclinic\datacenter\ExporterSystem.java
C:\projects\openclinicdev\src\be\openclinic\datacenter\ExportMessage.java
C:\projects\openclinicdev\src\be\openclinic\datacenter\HTTPSender.java
C:\projects\openclinicdev\src\be\openclinic\datacenter\IMAP4Receiver.java
C:\projects\openclinicdev\src\be\openclinic\datacenter\ImportAckMessage.java
C:\projects\openclinicdev\src\be\openclinic\datacenter\Importer.java
C:\projects\openclinicdev\src\be\openclinic\datacenter\ImportMessage.java
C:\projects\openclinicdev\src\be\openclinic\datacenter\Monitor.java
C:\projects\openclinicdev\src\be\openclinic\datacenter\MortalityGraph.java
C:\projects\openclinicdev\src\be\openclinic\datacenter\POP3Receiver.java
C:\projects\openclinicdev\src\be\openclinic\datacenter\Receiver.java
C:\projects\openclinicdev\src\be\openclinic\datacenter\ReceiveSMS.java
C:\projects\openclinicdev\src\be\openclinic\datacenter\Scheduler.java
C:\projects\openclinicdev\src\be\openclinic\datacenter\Sender.java
C:\projects\openclinicdev\src\be\openclinic\datacenter\SMTPAckSender.java
C:\projects\openclinicdev\src\be\openclinic\datacenter\SMTPSender.java
C:\projects\openclinicdev\src\be\openclinic\datacenter\TimeGraph.java
C:\projects\openclinicdev\src\be\openclinic\dhis2\Util.java
C:\projects\openclinicdev\src\be\openclinic\finance\Balance.java
C:\projects\openclinicdev\src\be\openclinic\finance\ConsolidatedDebet.java
C:\projects\openclinicdev\src\be\openclinic\finance\CoveragePlanInvoice.java
C:\projects\openclinicdev\src\be\openclinic\finance\CreditTransaction.java
C:\projects\openclinicdev\src\be\openclinic\finance\CsvInvoiceCCBRTA.java
C:\projects\openclinicdev\src\be\openclinic\finance\CsvInvoiceCCBRTA2.java
C:\projects\openclinicdev\src\be\openclinic\finance\CsvInvoiceCCBRTB.java
C:\projects\openclinicdev\src\be\openclinic\finance\CsvInvoiceCCBRTB2.java
C:\projects\openclinicdev\src\be\openclinic\finance\CsvInvoiceCMCK.java
C:\projects\openclinicdev\src\be\openclinic\finance\CsvInvoiceCplr.java
C:\projects\openclinicdev\src\be\openclinic\finance\CsvInvoiceCplr2.java
C:\projects\openclinicdev\src\be\openclinic\finance\CsvInvoiceMFPAdmissions.java
C:\projects\openclinicdev\src\be\openclinic\finance\CsvInvoiceMSPLSAdmissions.java
C:\projects\openclinicdev\src\be\openclinic\finance\CsvInvoiceMSPLSAdmissionsExtra.java
C:\projects\openclinicdev\src\be\openclinic\finance\CsvInvoiceRama.java
C:\projects\openclinicdev\src\be\openclinic\finance\CsvInvoiceRamaExtra.java
C:\projects\openclinicdev\src\be\openclinic\finance\CsvInvoiceRamaExtra2.java
C:\projects\openclinicdev\src\be\openclinic\finance\CsvInvoiceRSSB.java
C:\projects\openclinicdev\src\be\openclinic\finance\CsvInvoiceUdam.java
C:\projects\openclinicdev\src\be\openclinic\finance\Debet.java
C:\projects\openclinicdev\src\be\openclinic\finance\debetOld.java
C:\projects\openclinicdev\src\be\openclinic\finance\DebetTransaction.java
C:\projects\openclinicdev\src\be\openclinic\finance\Dolibarr.java
C:\projects\openclinicdev\src\be\openclinic\finance\ExtraInsurarInvoice.java
C:\projects\openclinicdev\src\be\openclinic\finance\ExtraInsurarInvoice2.java
C:\projects\openclinicdev\src\be\openclinic\finance\Insurance.java
C:\projects\openclinicdev\src\be\openclinic\finance\InsuranceCategory.java
C:\projects\openclinicdev\src\be\openclinic\finance\InsuranceRule.java
C:\projects\openclinicdev\src\be\openclinic\finance\InsuranceStats.java
C:\projects\openclinicdev\src\be\openclinic\finance\Insurar.java
C:\projects\openclinicdev\src\be\openclinic\finance\InsurarCredit.java
C:\projects\openclinicdev\src\be\openclinic\finance\InsurarInvoice.java
C:\projects\openclinicdev\src\be\openclinic\finance\Invoice.java
C:\projects\openclinicdev\src\be\openclinic\finance\PatientCredit.java
C:\projects\openclinicdev\src\be\openclinic\finance\PatientInvoice.java
C:\projects\openclinicdev\src\be\openclinic\finance\Prestation.java
C:\projects\openclinicdev\src\be\openclinic\finance\PrestationDebet.java
C:\projects\openclinicdev\src\be\openclinic\finance\SummaryInvoice.java
C:\projects\openclinicdev\src\be\openclinic\finance\Wicket.java
C:\projects\openclinicdev\src\be\openclinic\finance\WicketCredit.java
C:\projects\openclinicdev\src\be\openclinic\finance\WicketDebet.java
C:\projects\openclinicdev\src\be\openclinic\healthrecord\Document.java
C:\projects\openclinicdev\src\be\openclinic\healthrecord\FunctionCategory.java
C:\projects\openclinicdev\src\be\openclinic\healthrecord\FunctionCategoryRisk.java
C:\projects\openclinicdev\src\be\openclinic\healthrecord\RiskCode.java
C:\projects\openclinicdev\src\be\openclinic\healthrecord\RiskProfile.java
C:\projects\openclinicdev\src\be\openclinic\healthrecord\Workplace.java
C:\projects\openclinicdev\src\be\openclinic\healthrecord\WorkplaceRisk.java
C:\projects\openclinicdev\src\be\openclinic\hl7\HL7LabOrder.java
C:\projects\openclinicdev\src\be\openclinic\hl7\HL7Manager.java
C:\projects\openclinicdev\src\be\openclinic\hl7\HL7Receiver.java
C:\projects\openclinicdev\src\be\openclinic\hl7\HL7Sender.java
C:\projects\openclinicdev\src\be\openclinic\hl7\HL7Server.java
C:\projects\openclinicdev\src\be\openclinic\hr\Career.java
C:\projects\openclinicdev\src\be\openclinic\hr\Contract.java
C:\projects\openclinicdev\src\be\openclinic\hr\DisciplinaryRecord.java
C:\projects\openclinicdev\src\be\openclinic\hr\Leave.java
C:\projects\openclinicdev\src\be\openclinic\hr\Salary.java
C:\projects\openclinicdev\src\be\openclinic\hr\SalaryCalculation.java
C:\projects\openclinicdev\src\be\openclinic\hr\SalaryCalculationCode.java
C:\projects\openclinicdev\src\be\openclinic\hr\SalaryCalculationManager.java
C:\projects\openclinicdev\src\be\openclinic\hr\Skill.java
C:\projects\openclinicdev\src\be\openclinic\hr\Training.java
C:\projects\openclinicdev\src\be\openclinic\hr\Workschedule.java
C:\projects\openclinicdev\src\be\openclinic\icmd\Util.java
C:\projects\openclinicdev\src\be\openclinic\id\Barcode.java
C:\projects\openclinicdev\src\be\openclinic\id\FingerPrint.java
C:\projects\openclinicdev\src\be\openclinic\knowledge\Allergy.java
C:\projects\openclinicdev\src\be\openclinic\knowledge\ATCClass.java
C:\projects\openclinicdev\src\be\openclinic\knowledge\ClinicalAssistant.java
C:\projects\openclinicdev\src\be\openclinic\knowledge\ContraIndication.java
C:\projects\openclinicdev\src\be\openclinic\knowledge\Covid.java
C:\projects\openclinicdev\src\be\openclinic\knowledge\DrugDrugInteraction.java
C:\projects\openclinicdev\src\be\openclinic\knowledge\DrugInteractionClass.java
C:\projects\openclinicdev\src\be\openclinic\knowledge\Growth.java
C:\projects\openclinicdev\src\be\openclinic\knowledge\Ikirezi.java
C:\projects\openclinicdev\src\be\openclinic\knowledge\Indication.java
C:\projects\openclinicdev\src\be\openclinic\knowledge\IndicationGroup.java
C:\projects\openclinicdev\src\be\openclinic\knowledge\Pharmacy.java
C:\projects\openclinicdev\src\be\openclinic\knowledge\SPT.java
C:\projects\openclinicdev\src\be\openclinic\meals\Meal.java
C:\projects\openclinicdev\src\be\openclinic\meals\MealItem.java
C:\projects\openclinicdev\src\be\openclinic\meals\MealProfile.java
C:\projects\openclinicdev\src\be\openclinic\meals\NutricientItem.java
C:\projects\openclinicdev\src\be\openclinic\medical\AnesthesieControl.java
C:\projects\openclinicdev\src\be\openclinic\medical\BloodGift.java
C:\projects\openclinicdev\src\be\openclinic\medical\BloodGiftCost.java
C:\projects\openclinicdev\src\be\openclinic\medical\BloodProduct.java
C:\projects\openclinicdev\src\be\openclinic\medical\CarePrescription.java
C:\projects\openclinicdev\src\be\openclinic\medical\CarePrescriptionAdministrationSchema.java
C:\projects\openclinicdev\src\be\openclinic\medical\CarePrescriptionSchema.java
C:\projects\openclinicdev\src\be\openclinic\medical\ChronicMedication.java
C:\projects\openclinicdev\src\be\openclinic\medical\Diagnosis.java
C:\projects\openclinicdev\src\be\openclinic\medical\ImagingExam.java
C:\projects\openclinicdev\src\be\openclinic\medical\ImagingOrder.java
C:\projects\openclinicdev\src\be\openclinic\medical\LabAnalysis.java
C:\projects\openclinicdev\src\be\openclinic\medical\Labo.java
C:\projects\openclinicdev\src\be\openclinic\medical\LabProcedure.java
C:\projects\openclinicdev\src\be\openclinic\medical\LabProcedureReagent.java
C:\projects\openclinicdev\src\be\openclinic\medical\LabProfile.java
C:\projects\openclinicdev\src\be\openclinic\medical\LabProfileAnalysis.java
C:\projects\openclinicdev\src\be\openclinic\medical\LabRequest.java
C:\projects\openclinicdev\src\be\openclinic\medical\LabSample.java
C:\projects\openclinicdev\src\be\openclinic\medical\PaperPrescription.java
C:\projects\openclinicdev\src\be\openclinic\medical\Prescription.java
C:\projects\openclinicdev\src\be\openclinic\medical\Problem.java
C:\projects\openclinicdev\src\be\openclinic\medical\Reagent.java
C:\projects\openclinicdev\src\be\openclinic\medical\ReasonForEncounter.java
C:\projects\openclinicdev\src\be\openclinic\medical\RequestedLabAnalysis.java
C:\projects\openclinicdev\src\be\openclinic\medical\ResultsProfile.java
C:\projects\openclinicdev\src\be\openclinic\medical\ResultsProfileAnalysis.java
C:\projects\openclinicdev\src\be\openclinic\medical\ServiceDiagnosis.java
C:\projects\openclinicdev\src\be\openclinic\medical\Terminology.java
C:\projects\openclinicdev\src\be\openclinic\medical\UserDiagnosis.java
C:\projects\openclinicdev\src\be\openclinic\medical\Vaccination.java
C:\projects\openclinicdev\src\be\openclinic\mobilemoney\AuthorizationToken.java
C:\projects\openclinicdev\src\be\openclinic\mobilemoney\MobileMoney.java
C:\projects\openclinicdev\src\be\openclinic\mobilemoney\MTN.java
C:\projects\openclinicdev\src\be\openclinic\mobilemoney\Orange.java
C:\projects\openclinicdev\src\be\openclinic\mpi\PACS.java
C:\projects\openclinicdev\src\be\openclinic\mpi\SearchPatient.java
C:\projects\openclinicdev\src\be\openclinic\openimis\FHIRClaim.java
C:\projects\openclinicdev\src\be\openclinic\openimis\FHIRCoverage.java
C:\projects\openclinicdev\src\be\openclinic\openimis\FHIRInsurance.java
C:\projects\openclinicdev\src\be\openclinic\openimis\FHIRPatient.java
C:\projects\openclinicdev\src\be\openclinic\openimis\OpenIMIS.java
C:\projects\openclinicdev\src\be\openclinic\pharmacy\AdministrationSchema.java
C:\projects\openclinicdev\src\be\openclinic\pharmacy\Batch.java
C:\projects\openclinicdev\src\be\openclinic\pharmacy\BatchOperation.java
C:\projects\openclinicdev\src\be\openclinic\pharmacy\DrugCategory.java
C:\projects\openclinicdev\src\be\openclinic\pharmacy\OperationDocument.java
C:\projects\openclinicdev\src\be\openclinic\pharmacy\OrderForm.java
C:\projects\openclinicdev\src\be\openclinic\pharmacy\PharmacyReports.java
C:\projects\openclinicdev\src\be\openclinic\pharmacy\PrescriptionSchema.java
C:\projects\openclinicdev\src\be\openclinic\pharmacy\Product.java
C:\projects\openclinicdev\src\be\openclinic\pharmacy\ProductionOrder.java
C:\projects\openclinicdev\src\be\openclinic\pharmacy\ProductionOrderMaterial.java
C:\projects\openclinicdev\src\be\openclinic\pharmacy\ProductOrder.java
C:\projects\openclinicdev\src\be\openclinic\pharmacy\ProductSchema.java
C:\projects\openclinicdev\src\be\openclinic\pharmacy\ProductStock.java
C:\projects\openclinicdev\src\be\openclinic\pharmacy\ProductStockOperation.java
C:\projects\openclinicdev\src\be\openclinic\pharmacy\RemotePharmacy.java
C:\projects\openclinicdev\src\be\openclinic\pharmacy\ServiceStock.java
C:\projects\openclinicdev\src\be\openclinic\pharmacy\UserProduct.java
C:\projects\openclinicdev\src\be\openclinic\pharmacy\Utils.java
C:\projects\openclinicdev\src\be\openclinic\reporting\LabresultsNotifier.java
C:\projects\openclinicdev\src\be\openclinic\reporting\MessageNotifier.java
C:\projects\openclinicdev\src\be\openclinic\reporting\PeriodicReport.java
C:\projects\openclinicdev\src\be\openclinic\reporting\PharmacyExpiration.java
C:\projects\openclinicdev\src\be\openclinic\reporting\PharmacyInventory.java
C:\projects\openclinicdev\src\be\openclinic\reporting\PharmacyReport.java
C:\projects\openclinicdev\src\be\openclinic\reporting\PharmacySynthesis.java
C:\projects\openclinicdev\src\be\openclinic\reporting\PharmacyValorisation.java
C:\projects\openclinicdev\src\be\openclinic\reporting\PlanningNotifier.java
C:\projects\openclinicdev\src\be\openclinic\reporting\Register.java
C:\projects\openclinicdev\src\be\openclinic\reporting\Report.java
C:\projects\openclinicdev\src\be\openclinic\reporting\ReportEncounter.java
C:\projects\openclinicdev\src\be\openclinic\reporting\SUSALUD.java
C:\projects\openclinicdev\src\be\openclinic\reporting\TimeFilterReportGenerator.java
C:\projects\openclinicdev\src\be\openclinic\statistics\BaseChart.java
C:\projects\openclinicdev\src\be\openclinic\statistics\ColumnChart.java
C:\projects\openclinicdev\src\be\openclinic\statistics\Comorbidity.java
C:\projects\openclinicdev\src\be\openclinic\statistics\CsvStats.java
C:\projects\openclinicdev\src\be\openclinic\statistics\DatacenterHospitalStats.java
C:\projects\openclinicdev\src\be\openclinic\statistics\DepartmentIncome.java
C:\projects\openclinicdev\src\be\openclinic\statistics\Diagnosis.java
C:\projects\openclinicdev\src\be\openclinic\statistics\DiagnosisGroupStats.java
C:\projects\openclinicdev\src\be\openclinic\statistics\DiagnosisStats.java
C:\projects\openclinicdev\src\be\openclinic\statistics\DistrictStats.java
C:\projects\openclinicdev\src\be\openclinic\statistics\DStats.java
C:\projects\openclinicdev\src\be\openclinic\statistics\Encounter.java
C:\projects\openclinicdev\src\be\openclinic\statistics\HospitalStats.java
C:\projects\openclinicdev\src\be\openclinic\statistics\KeyValue.java
C:\projects\openclinicdev\src\be\openclinic\statistics\PieChart.java
C:\projects\openclinicdev\src\be\openclinic\statistics\ServicePeriodConsumptionStats.java
C:\projects\openclinicdev\src\be\openclinic\statistics\ServicePeriodItemStats.java
C:\projects\openclinicdev\src\be\openclinic\statistics\ServicePeriodStats.java
C:\projects\openclinicdev\src\be\openclinic\statistics\ServicePeriodTransactionStats.java
C:\projects\openclinicdev\src\be\openclinic\statistics\ServiceStats.java
C:\projects\openclinicdev\src\be\openclinic\statistics\UpdateStats1.java
C:\projects\openclinicdev\src\be\openclinic\statistics\UpdateStats2.java
C:\projects\openclinicdev\src\be\openclinic\statistics\UpdateStats3.java
C:\projects\openclinicdev\src\be\openclinic\statistics\UpdateStats4.java
C:\projects\openclinicdev\src\be\openclinic\statistics\UpdateStatsBase.java
C:\projects\openclinicdev\src\be\openclinic\statistics\UpdateStatsDb.java
C:\projects\openclinicdev\src\be\openclinic\statistics\XYValue.java
C:\projects\openclinicdev\src\be\openclinic\statistics\chin\Alert.java
C:\projects\openclinicdev\src\be\openclinic\statistics\chin\CHINAnalyser.java
C:\projects\openclinicdev\src\be\openclinic\statistics\chin\DiagnosisTrend.java
C:\projects\openclinicdev\src\be\openclinic\statistics\chin\Indicator.java
C:\projects\openclinicdev\src\be\openclinic\surveillance\Covid.java
C:\projects\openclinicdev\src\be\openclinic\sync\GHBNetwork.java
C:\projects\openclinicdev\src\be\openclinic\sync\OpenclinicSlaveExporter.java
C:\projects\openclinicdev\src\be\openclinic\system\Application.java
C:\projects\openclinicdev\src\be\openclinic\system\Center.java
C:\projects\openclinicdev\src\be\openclinic\system\Config.java
C:\projects\openclinicdev\src\be\openclinic\system\Counter.java
C:\projects\openclinicdev\src\be\openclinic\system\Diagnosis.java
C:\projects\openclinicdev\src\be\openclinic\system\Document.java
C:\projects\openclinicdev\src\be\openclinic\system\Encryption.java
C:\projects\openclinicdev\src\be\openclinic\system\Error.java
C:\projects\openclinicdev\src\be\openclinic\system\Examination.java
C:\projects\openclinicdev\src\be\openclinic\system\ExportSpecification.java
C:\projects\openclinicdev\src\be\openclinic\system\ExternalContact.java
C:\projects\openclinicdev\src\be\openclinic\system\FingerPrint.java
C:\projects\openclinicdev\src\be\openclinic\system\FormFile.java
C:\projects\openclinicdev\src\be\openclinic\system\Gmail.java
C:\projects\openclinicdev\src\be\openclinic\system\Healthrecord.java
C:\projects\openclinicdev\src\be\openclinic\system\Item.java
C:\projects\openclinicdev\src\be\openclinic\system\ItemTypeAttribute.java
C:\projects\openclinicdev\src\be\openclinic\system\Macro.java
C:\projects\openclinicdev\src\be\openclinic\system\OCHttpClient.java
C:\projects\openclinicdev\src\be\openclinic\system\PreLoader.java
C:\projects\openclinicdev\src\be\openclinic\system\Screen.java
C:\projects\openclinicdev\src\be\openclinic\system\ScreenTransactionItem.java
C:\projects\openclinicdev\src\be\openclinic\system\Server.java
C:\projects\openclinicdev\src\be\openclinic\system\ServiceExamination.java
C:\projects\openclinicdev\src\be\openclinic\system\SH.java
C:\projects\openclinicdev\src\be\openclinic\system\SystemInfo.java
C:\projects\openclinicdev\src\be\openclinic\system\Transaction.java
C:\projects\openclinicdev\src\be\openclinic\system\TransactionItem.java
C:\projects\openclinicdev\src\be\openclinic\system\URLParamEncoder.java
C:\projects\openclinicdev\src\be\openclinic\util\ClusterData.java
C:\projects\openclinicdev\src\be\openclinic\util\ClusterDataSortByAbsoluteMortality.java
C:\projects\openclinicdev\src\be\openclinic\util\ClusterDataSortByCount.java
C:\projects\openclinicdev\src\be\openclinic\util\ClusterDataSortByGravity.java
C:\projects\openclinicdev\src\be\openclinic\util\ClusterDataSortByRelativeMortality.java
C:\projects\openclinicdev\src\be\openclinic\util\ClusterManager.java
C:\projects\openclinicdev\src\be\openclinic\util\CommTest.java
C:\projects\openclinicdev\src\be\openclinic\util\Diagnosis.java
C:\projects\openclinicdev\src\be\openclinic\util\DiagnosisCluster.java
C:\projects\openclinicdev\src\be\openclinic\util\DiagnosisClusterList.java
C:\projects\openclinicdev\src\be\openclinic\util\Nomenclature.java
C:\projects\openclinicdev\src\be\openclinic\util\OBR.java
C:\projects\openclinicdev\src\be\openclinic\util\ProcessClusters.java
C:\projects\openclinicdev\src\be\openclinic\util\SystemUpdateProgressServlet.java
C:\projects\openclinicdev\src\be\openclinic\util\SystemUpdateServlet.java
C:\projects\openclinicdev\src\be\presis\Address.java
C:\projects\openclinicdev\src\be\presis\Care.java
C:\projects\openclinicdev\src\be\presis\Claim.java
C:\projects\openclinicdev\src\be\presis\Cost.java
C:\projects\openclinicdev\src\be\presis\Coverage.java
C:\projects\openclinicdev\src\be\presis\CoverageAuthorization.java
C:\projects\openclinicdev\src\be\presis\DateIdQuantity.java
C:\projects\openclinicdev\src\be\presis\Diagnosis.java
C:\projects\openclinicdev\src\be\presis\Encounter.java
C:\projects\openclinicdev\src\be\presis\HealthFacility.java
C:\projects\openclinicdev\src\be\presis\HealthService.java
C:\projects\openclinicdev\src\be\presis\Id.java
C:\projects\openclinicdev\src\be\presis\IdList.java
C:\projects\openclinicdev\src\be\presis\InsuredPerson.java
C:\projects\openclinicdev\src\be\presis\Name.java
C:\projects\openclinicdev\src\be\presis\NameList.java
C:\projects\openclinicdev\src\be\presis\PersonEducation.java
C:\projects\openclinicdev\src\be\presis\PersonName.java
C:\projects\openclinicdev\src\be\presis\Pregnancy.java
C:\projects\openclinicdev\src\be\presis\Referral.java
C:\projects\openclinicdev\src\be\presis\Session.java
C:\projects\openclinicdev\src\be\presis\TypedDate.java
C:\projects\openclinicdev\src\be\presis\Util.java
C:\projects\openclinicdev\src\com\jpos\POStest\DS6708.java
C:\projects\openclinicdev\src\com\sid\realm\BCrypt.java
C:\projects\openclinicdev\src\com\sid\realm\OpenclinicRealm.java
C:\projects\openclinicdev\src\net\admin\AdminFamilyRelation.java
C:\projects\openclinicdev\src\net\admin\AdminFunction.java
C:\projects\openclinicdev\src\net\admin\AdminHistory.java
C:\projects\openclinicdev\src\net\admin\AdminID.java
C:\projects\openclinicdev\src\net\admin\AdminPerson.java
C:\projects\openclinicdev\src\net\admin\AdminPrivateContact.java
C:\projects\openclinicdev\src\net\admin\AdminSocSec.java
C:\projects\openclinicdev\src\net\admin\Category.java
C:\projects\openclinicdev\src\net\admin\ExternalPreventionService.java
C:\projects\openclinicdev\src\net\admin\HealthStructure.java
C:\projects\openclinicdev\src\net\admin\Label.java
C:\projects\openclinicdev\src\net\admin\Parameter.java
C:\projects\openclinicdev\src\net\admin\Provider.java
C:\projects\openclinicdev\src\net\admin\Service.java
C:\projects\openclinicdev\src\net\admin\User.java
C:\projects\openclinicdev\src\net\admin\UserParameter.java
C:\projects\openclinicdev\src\net\admin\UserProfile.java
C:\projects\openclinicdev\src\net\admin\UserProfileMotivation.java
C:\projects\openclinicdev\src\net\admin\UserProfilePermission.java
C:\projects\openclinicdev\src\net\admin\UserService.java
C:\projects\openclinicdev\src\net\admin\Zipcode.java
C:\projects\openclinicdev\src\net\admin\jtable\Patient.java
C:\projects\openclinicdev\src\net\admin\system\AccessLog.java
C:\projects\openclinicdev\src\net\admin\system\ExternalPreventionService.java
C:\projects\openclinicdev\src\net\admin\system\IntrusionAttempt.java
C:\projects\openclinicdev\src\net\admin\system\MedicalCenter.java
C:\projects\openclinicdev\src\ocdhis2\DataValue.java
C:\projects\openclinicdev\src\ocdhis2\DataValueSet.java
C:\projects\openclinicdev\src\ocdhis2\DHIS2Exporter.java
C:\projects\openclinicdev\src\ocdhis2\DHIS2Helper.java
C:\projects\openclinicdev\src\ocdhis2\DHIS2Item.java
C:\projects\openclinicdev\src\ocdhis2\DHIS2Plugin.java
C:\projects\openclinicdev\src\ocdhis2\DHIS2Server.java
C:\projects\openclinicdev\src\ocdhis2\ImportConflict.java
C:\projects\openclinicdev\src\ocdhis2\ImportCount.java
C:\projects\openclinicdev\src\ocdhis2\ImportDataValueCount.java
C:\projects\openclinicdev\src\ocdhis2\ImportSummary.java
C:\projects\openclinicdev\src\ocdhis2\package-info.java
C:\projects\openclinicdev\src\ocdhis2\plugins\Abortions.java
C:\projects\openclinicdev\src\ocdhis2\plugins\CNTSBloodBagsCollected.java
C:\projects\openclinicdev\src\ocdhis2\plugins\CNTSBloodBagsDistributed.java
C:\projects\openclinicdev\src\ocdhis2\plugins\CNTSBloodBagsPlateletsProduced.java
C:\projects\openclinicdev\src\ocdhis2\plugins\CNTSBloodBagsTested.java
C:\projects\openclinicdev\src\ocdhis2\plugins\CNTSSeroprevalence.java
C:\projects\openclinicdev\src\ocdhis2\plugins\GMAOEquipmentCorrectiveInterventions.java
C:\projects\openclinicdev\src\ocdhis2\plugins\GMAOEquipmentNorms.java
C:\projects\openclinicdev\src\ocdhis2\plugins\GMAOEquipmentPreventativeInterventions.java
C:\projects\openclinicdev\src\ocdhis2\plugins\GMAOEquipmentPurchase.java
C:\projects\openclinicdev\src\ocdhis2\plugins\GMAOInfrastructureCorrectiveInterventions.java
C:\projects\openclinicdev\src\ocdhis2\plugins\GMAOInfrastructureNorms.java
C:\projects\openclinicdev\src\ocdhis2\plugins\GMAOInfrastructurePreventativeInterventions.java
C:\projects\openclinicdev\src\ocdhis2\plugins\GMAOInfrastructureWorks.java
C:\projects\openclinicdev\src\ocdhis2\plugins\MissingLabResults.java
C:\projects\openclinicdev\src\ocspring2\Db.java
C:\projects\openclinicdev\src\ocspring2\OC.java
C:\projects\openclinicdev\src\ocspring2\OCProb.java
C:\projects\openclinicdev\src\org\hnrw\chin\ExtractMessages.java
C:\projects\openclinicdev\src\org\hnrw\chin\MessageManager.java
C:\projects\openclinicdev\src\org\hnrw\chin\ReadMessages.java
C:\projects\openclinicdev\src\org\hnrw\chin\extractors\BedInventoryExtractor.java
C:\projects\openclinicdev\src\org\hnrw\chin\extractors\EncounterExtractor.java
C:\projects\openclinicdev\src\org\hnrw\chin\extractors\Extractor.java
C:\projects\openclinicdev\src\org\hnrw\chin\integrators\BedInventoryIntegrator.java
C:\projects\openclinicdev\src\org\hnrw\chin\integrators\EncounterIntegrator.java
C:\projects\openclinicdev\src\org\hnrw\chin\integrators\Integrator.java
C:\projects\openclinicdev\src\org\hnrw\report\Report.java
C:\projects\openclinicdev\src\org\hnrw\report\ReportItem.java
C:\projects\openclinicdev\src\org\hnrw\report\Report_Diagnosis.java
C:\projects\openclinicdev\src\org\hnrw\report\Report_Identification.java
C:\projects\openclinicdev\src\org\hnrw\report\Report_RFE.java
C:\projects\openclinicdev\src\org\hnrw\report\Report_Transaction.java
